Built payload: 30 samples
Flash call 1/6 (5 samples)
  job 415d39c7-697c-4685-8fb8-cfbb18e70445-e1 queued; polling...
  status=IN_QUEUE
  status=IN_PROGRESS
  status=IN_PROGRESS
  status=IN_PROGRESS
  status=IN_PROGRESS
  status=IN_PROGRESS
  status=IN_PROGRESS
  status=IN_PROGRESS
  status=IN_PROGRESS
  status=IN_PROGRESS
  status=IN_PROGRESS
  status=IN_PROGRESS
  status=IN_PROGRESS
  status=IN_PROGRESS
  status=IN_PROGRESS
  status=IN_PROGRESS
  status=IN_PROGRESS
  status=IN_PROGRESS
  status=IN_PROGRESS
  status=IN_PROGRESS
  status=IN_PROGRESS
  status=IN_PROGRESS
  status=IN_PROGRESS
  status=IN_PROGRESS
  status=IN_PROGRESS
  status=IN_PROGRESS
  status=IN_PROGRESS
  status=IN_PROGRESS
  status=IN_PROGRESS
  status=IN_PROGRESS
  status=IN_PROGRESS
  status=IN_PROGRESS
  status=IN_PROGRESS
  status=IN_PROGRESS
  status=IN_PROGRESS
  status=IN_PROGRESS
  status=IN_PROGRESS
  status=IN_PROGRESS
  status=IN_PROGRESS
  status=IN_PROGRESS
  status=IN_PROGRESS
  status=IN_PROGRESS
  status=IN_PROGRESS
  status=IN_PROGRESS
  status=IN_PROGRESS
  status=IN_PROGRESS
  status=IN_PROGRESS
  status=IN_PROGRESS
  status=IN_PROGRESS
  status=IN_PROGRESS
  status=IN_PROGRESS
  status=IN_PROGRESS
  status=IN_PROGRESS
  status=IN_PROGRESS
  status=IN_PROGRESS
  status=IN_PROGRESS
  status=IN_PROGRESS
  status=IN_PROGRESS
  status=IN_PROGRESS
  status=IN_PROGRESS
  status=IN_PROGRESS
  status=IN_PROGRESS
  status=IN_PROGRESS
  status=IN_PROGRESS
  status=IN_PROGRESS
  status=IN_PROGRESS
  status=IN_PROGRESS
  status=IN_PROGRESS
  status=IN_PROGRESS
  status=IN_PROGRESS
  status=IN_PROGRESS
  status=IN_PROGRESS
  status=IN_PROGRESS
  status=IN_PROGRESS
  status=IN_PROGRESS
  status=IN_PROGRESS
  status=IN_PROGRESS
  status=IN_PROGRESS
  status=IN_PROGRESS
  status=IN_PROGRESS
  status=IN_PROGRESS
  status=IN_PROGRESS
  status=IN_PROGRESS
  status=IN_PROGRESS
